I'm sorry, but errors were detected in your script. Please correct the
errors listed below, and try again.


File "game/script.rpy", line 447: expected statement.
    hid
       ^

Ren'Py Version: Ren'Py 8.1.1.23060707
Wed Aug 30 00:23:58 2023
